../Core/Src/main.c:99:6:drv8353r_read	16	static
../Core/Src/main.c:116:6:drv8353r_write	16	static
../Core/Src/main.c:123:6:delay_us	16	static
../Core/Src/main.c:129:6:Get_Temperature	8	static
../Core/Src/main.c:148:5:main	8	static
../Core/Src/main.c:221:6:SystemClock_Config	88	static
../Core/Src/main.c:263:13:MX_ADC1_Init	24	static
../Core/Src/main.c:315:13:MX_SPI3_Init	8	static
../Core/Src/main.c:353:13:MX_TIM1_Init	96	static
../Core/Src/main.c:436:13:MX_TIM2_Init	32	static
../Core/Src/main.c:481:13:MX_GPIO_Init	48	static
../Core/Src/main.c:521:6:Error_Handler	4	static,ignoring_inline_asm
